<?xml version="1.0" encoding="utf-8"?><testsuites><testsuite name="pytest" errors="0" failures="0" skipped="0" tests="4" time="0.048" timestamp="2025-06-19T08:16:20.037177+02:00" hostname="MacBook-Air-de-Elauriche.local"><testcase classname="tests.test_manager" name="test_add_task" time="0.001" /><testcase classname="tests.test_manager" name="test_mark_completed" time="0.000" /><testcase classname="tests.test_manager" name="test_remove_task" time="0.000" /><testcase classname="tests.test_manager" name="test_list_incomplete_tasks" time="0.000" /></testsuite></testsuites>